info: downloading https://releases.lean-lang.org/lean4/v4.28.0/lean-4.28.0-linux.tar.zst
info: installing /home/c/.elan/toolchains/leanprover--lean4---v4.28.0
info: RequestProject: no previous manifest, creating one from scratch
info: toolchain not updated; already up-to-date
info: plausible: cloning https://github.com/leanprover-community/plausible
info: plausible: checking out revision '55c8532eb21ec9f6d565d51d96b8ca50bd1fbef3'
info: LeanSearchClient: cloning https://github.com/leanprover-community/LeanSearchClient
info: LeanSearchClient: checking out revision 'c5d5b8fe6e5158def25cd28eb94e4141ad97c843'
info: importGraph: cloning https://github.com/leanprover-community/import-graph
info: importGraph: checking out revision '85b59af46828c029a9168f2f9c35119bd0721e6e'
info: proofwidgets: cloning https://github.com/leanprover-community/ProofWidgets4
info: proofwidgets: checking out revision 'be3b2e63b1bbf496c478cef98b86972a37c1417d'
info: aesop: cloning https://github.com/leanprover-community/aesop
info: aesop: checking out revision 'f642a64c76df8ba9cb53dba3b919425a0c2aeaf1'
info: Qq: cloning https://github.com/leanprover-community/quote4
info: Qq: checking out revision 'b8f98e9087e02c8553945a2c5abf07cec8e798c3'
info: batteries: cloning https://github.com/leanprover-community/batteries
info: batteries: checking out revision '495c008c3e3f4fb4256ff5582ddb3abf3198026f'
info: Cli: cloning https://github.com/leanprover/lean4-cli
info: Cli: checking out revision '4f10f47646cb7d5748d6f423f4a07f98f7bbcc9e'
info: mathlib: running post-update hooks
✔ [2/22] Built Cache.Init (615ms)
✔ [3/22] Built Cache.Lean (785ms)
✔ [4/22] Built Cache.Init:c.o (474ms)
✔ [5/22] Built Cache.Lean:c.o (431ms)
✔ [8/22] Built Batteries.Data.String.Basic (759ms)
✔ [9/22] Built Batteries.Data.String.Basic:c.o (282ms)
✔ [10/22] Built Cache.IO (2.4s)
✔ [11/22] Built Batteries.Data.Array.Match (1.4s)
✔ [12/22] Built Batteries.Data.String.Matcher (1.1s)
✔ [13/22] Built Batteries.Data.Array.Match:c.o (1.3s)
✔ [14/22] Built Cache.Hashing (1.8s)
✔ [15/22] Built Batteries.Data.String.Matcher:c.o (745ms)
✔ [16/22] Built Cache.Hashing:c.o (2.4s)
✔ [17/22] Built Cache.Requests (2.8s)
✔ [18/22] Built Cache.Main (1.7s)
✔ [19/22] Built Cache.IO:c.o (8.7s)
✔ [20/22] Built Cache.Main:c.o (3.3s)
✔ [21/22] Built Cache.Requests:c.o (7.6s)
✔ [22/22] Built cache:exe (10s)
Fetching ProofWidgets cloud release... done!
Current branch: HEAD
Using cache (Azure) from origin: leanprover-community/mathlib4
No files to download
Decompressing 8007 file(s) (3 already decompressed)
Decompressed in 58593 ms
Completed successfully!
✖ [0/0] Running job computation
error: no such file or directory (error code: 2)
  file: /home/c/Documents/code/dashi_agda/outputs/aristotle_mirror_waves_v3/wave1/foundations/lean-baseline/DASHI.lean
Some required targets logged failures:
- job computation
error: build failed

real	6m6.656s
user	1m47.485s
sys	0m52.174s
